
Cisco WS-CSwitch-PT-Empty (RC32300) processor (revision C0) with 21039K bytes of memory.
Processor board ID FHK0610Z0WC
Running Standard Image
7 FastEthernet/IEEE 802.3 interface(s)
3 Gigabit Ethernet/IEEE 802.3 interface(s)

63488K bytes of flash-simulated non-volatile configuration memory.
Base ethernet MAC Address: 0000.0CD1.7C5B
Motherboard assembly number: 73-5781-09 
Power supply part number: 34-0965-01
Motherboard serial number: FOC061004SZ
Power supply serial number: DAB0609127D
Model revision number: C0
Motherboard revision number: A0
Model number: WS-CSwitch-PT-Empty
System serial number: FHK0610Z0WC

Cisco Internetwork Operating System Software
IOS (tm) PT3000 Software (PT3000-I6Q4L2-M), Version 12.1(22)EA4, RELEASE SOFTWARE (fc1)
Copyright (c) 1986-2006 by cisco Systems, Inc.
Compiled Fri 12-May-06 17:19 by pt_team

Press RETURN to get started!


%LINK-5-CHANGED: Interface FastEthernet3/1, changed state to up

%LINEPROTO-5-UPDOWN: Line protocol on Interface FastEthernet3/1, changed state to up

%LINK-5-CHANGED: Interface FastEthernet4/1, changed state to up

%LINEPROTO-5-UPDOWN: Line protocol on Interface FastEthernet4/1, changed state to up

%LINK-5-CHANGED: Interface FastEthernet5/1, changed state to up

%LINEPROTO-5-UPDOWN: Line protocol on Interface FastEthernet5/1, changed state to up

%LINK-5-CHANGED: Interface FastEthernet6/1, changed state to up

%LINEPROTO-5-UPDOWN: Line protocol on Interface FastEthernet6/1, changed state to up

%LINK-5-CHANGED: Interface FastEthernet7/1, changed state to up

%LINEPROTO-5-UPDOWN: Line protocol on Interface FastEthernet7/1, changed state to up

%LINK-5-CHANGED: Interface FastEthernet8/1, changed state to up

%LINEPROTO-5-UPDOWN: Line protocol on Interface FastEthernet8/1, changed state to up

%LINK-5-CHANGED: Interface GigabitEthernet0/1, changed state to up

%LINEPROTO-5-UPDOWN: Line protocol on Interface GigabitEthernet0/1, changed state to up

%LINK-5-CHANGED: Interface GigabitEthernet1/1, changed state to up

%LINEPROTO-5-UPDOWN: Line protocol on Interface GigabitEthernet1/1, changed state to up

%LINK-5-CHANGED: Interface GigabitEthernet2/1, changed state to up

%LINEPROTO-5-UPDOWN: Line protocol on Interface GigabitEthernet2/1, changed state to up


SW1>
SW1>
SW1>en
SW1#
SW1#conf t
Enter configuration commands, one per line.  End with CNTL/Z.
SW1(config)#
SW1(config)#vlan 10
SW1(config-vlan)#name engineering
SW1(config-vlan)#vlan 20
SW1(config-vlan)#name HR
SW1(config-vlan)#vlan 30
SW1(config-vlan)#name sales
SW1(config-vlan)#exit
SW1(config)#int range f3-4/1
                        ^
% Invalid input detected at '^' marker.
	
SW1(config)#int f3/1
SW1(config-if)#swit
SW1(config-if)#switchport mod
SW1(config-if)#switchport mode acc
SW1(config-if)#switchport mode access 
SW1(config-if)#swit
SW1(config-if)#switchport acce
SW1(config-if)#switchport access vlan 10
SW1(config-if)#int f4/1
SW1(config-if)#switchport mode access 
SW1(config-if)#switchport access vlan 10
SW1(config-if)#int f5/1
SW1(config-if)#switchport mode access 
SW1(config-if)#switchport access vlan 20
SW1(config-if)#int f6/1
SW1(config-if)#switchport mode access 
SW1(config-if)#switchport access vlan 20
SW1(config-if)#int f7/1
SW1(config-if)#switchport mode access 
SW1(config-if)#switchport access vlan 30
SW1(config-if)#int f8/1
SW1(config-if)#switchport mode access 
SW1(config-if)#switchport access vlan 30
SW1(config-if)#int g0/1
SW1(config-if)#encapsulation ?
% Unrecognized command
SW1(config-if)#encap
SW1(config-if)#switchport mode trunk 

SW1(config-if)#
%LINEPROTO-5-UPDOWN: Line protocol on Interface GigabitEthernet0/1, changed state to down

%LINEPROTO-5-UPDOWN: Line protocol on Interface GigabitEthernet0/1, changed state to up

SW1(config-if)#int g0/1
SW1(config-if)#switchport mode access 
SW1(config-if)#switchport access vlan 10
SW1(config-if)#int g1/1
SW1(config-if)#switchport mode access 
SW1(config-if)#switchport access vlan 20
SW1(config-if)#int g2/1
SW1(config-if)#switchport mode access 
SW1(config-if)#switchport access vlan 30
SW1(config-if)#end
SW1#
%SYS-5-CONFIG_I: Configured from console by console

SW1#wr
Building configuration...
[OK]
SW1#
SW1#sh int trunk


SW1#sh ip int br
Interface              IP-Address      OK? Method Status                Protocol 
GigabitEthernet0/1     unassigned      YES manual up                    up 
GigabitEthernet1/1     unassigned      YES manual up                    up 
GigabitEthernet2/1     unassigned      YES manual up                    up 
FastEthernet3/1        unassigned      YES manual up                    up 
FastEthernet4/1        unassigned      YES manual up                    up 
FastEthernet5/1        unassigned      YES manual up                    up 
FastEthernet6/1        unassigned      YES manual up                    up 
FastEthernet7/1        unassigned      YES manual up                    up 
FastEthernet8/1        unassigned      YES manual up                    up 
FastEthernet9/1        unassigned      YES manual down                  down 
Vlan1                  unassigned      YES manual administratively down down
SW1#sh int status
Port      Name               Status       Vlan       Duplex  Speed Type
Gig0/1                       connected    10         auto    auto  10/100BaseTX
Gig1/1                       connected    20         auto    auto  10/100BaseTX
Gig2/1                       connected    30         auto    auto  10/100BaseTX
Fa3/1                        connected    10         auto    auto  10/100BaseTX
Fa4/1                        connected    10         auto    auto  10/100BaseTX
Fa5/1                        connected    20         auto    auto  10/100BaseTX
Fa6/1                        connected    20         auto    auto  10/100BaseTX
Fa7/1                        connected    30         auto    auto  10/100BaseTX
Fa8/1                        connected    30         auto    auto  10/100BaseTX
Fa9/1                        notconnect   1          auto    auto  10/100BaseTX

SW1#
SW1#
SW1#wr
Building configuration...
[OK]
SW1#
SW1#sh ip int br
Interface              IP-Address      OK? Method Status                Protocol 
GigabitEthernet0/1     unassigned      YES manual up                    up 
GigabitEthernet1/1     unassigned      YES manual up                    up 
GigabitEthernet2/1     unassigned      YES manual up                    up 
FastEthernet3/1        unassigned      YES manual up                    up 
FastEthernet4/1        unassigned      YES manual up                    up 
FastEthernet5/1        unassigned      YES manual up                    up 
FastEthernet6/1        unassigned      YES manual up                    up 
FastEthernet7/1        unassigned      YES manual up                    up 
FastEthernet8/1        unassigned      YES manual up                    up 
FastEthernet9/1        unassigned      YES manual down                  down 
Vlan1                  unassigned      YES manual administratively down down
SW1#sh int ?
  Ethernet         IEEE 802.3
  FastEthernet     FastEthernet IEEE 802.3
  GigabitEthernet  GigabitEthernet IEEE 802.3z
  Port-channel     Ethernet channel port interface
  Vlan             Catalyst Vlans
  etherchannel     Show interface etherchannel information
  status           interface line status
  switchport       Show interface switchport information
  trunk            Show interface trunk information
  |                Output Modifiers
  <cr>
SW1#sh int vlan
% Incomplete command.
SW1#wr
Building configuration...
[OK]
SW1#
SW1#
SW1#